// Jest Snapshot v1, https://goo.gl/fbAQLP

exports[`Testing <CheckboxInput/> snapshot testing 1`] = `
<div
  className="check-input-component"
>
  <label
    className="checkbox-label"
  >
    Email Opt Out
  </label>
  <input
    className="uk-checkbox"
    id="emailOpt"
    name="emailOpt"
    onChange={[MockFunction]}
    type="checkbox"
    value={false}
  />
</div>
`;
