// Jest Snapshot v1, https://goo.gl/fbAQLP

exports[`Testing <TextAreaInput/> snapshot testing 1`] = `
<div
  className="input-component"
>
  <label
    className="form-label"
  >
    Description
  </label>
  <textarea
    className="uk-textarea uk-form-danger"
    id="description"
    name="description"
    onChange={[MockFunction]}
  />
  <div
    className="uk-text-danger"
    style={
      Object {
        "height": "21px",
      }
    }
  >
    <img
      alt="exclamation-circle.png"
      className="exclamation-circle"
      onClick={[Function]}
      src="exclamation-circle.png"
    />
    
  </div>
</div>
`;
