// Jest Snapshot v1, https://goo.gl/fbAQLP

exports[`Testing <ValidationError/> snapshot testing 1`] = `
<div
  className="uk-text-danger"
  style={
    Object {
      "height": "21px",
    }
  }
>
  
  
</div>
`;
